---
source: crates/synth-place/tests/snapshots.rs
expression: snapshot
---
board_outline_mm: 82.69 x 69.06

  J1  (  18.10,    9.46) mm  rot=OneEighty layer=Top
  U1  (  18.18,   26.35) mm  rot=Zero layer=Top
  U2  (  39.65,   37.79) mm  rot=Zero layer=Top
  C5  (  29.76,   38.98) mm  rot=OneEighty layer=Top
  U3  (  62.19,   26.29) mm  rot=Zero layer=Top
  U4  (  62.19,   39.29) mm  rot=Zero layer=Top
  C7  (  61.76,   20.98) mm  rot=OneEighty layer=Top
  C8  (  61.76,   33.98) mm  rot=OneEighty layer=Top
  U5  (  66.48,   55.45) mm  rot=Zero layer=Top
  C9  (  63.76,   61.98) mm  rot=OneEighty layer=Top
  R4  (  29.76,   32.98) mm  rot=Zero layer=Top
  D3  (  29.76,   26.98) mm  rot=Zero layer=Top
  R5  (  29.76,   44.98) mm  rot=Zero layer=Top
  D4  (  29.76,   50.98) mm  rot=Zero layer=Top
  R6  (  21.76,   37.98) mm  rot=Zero layer=Top
  D5  (  21.76,   43.98) mm  rot=Zero layer=Top
 SW1  (  46.39,   11.63) mm  rot=Zero layer=Top
  C1  (   7.29,   20.80) mm  rot=Zero layer=Top
  C2  (   7.47,   27.30) mm  rot=Zero layer=Top
  C3  (  50.87,   35.38) mm  rot=Zero layer=Top
  D1  (  29.85,   12.95) mm  rot=Zero layer=Top
  D2  (   6.35,   12.95) mm  rot=Zero layer=Top
  C4  (  50.66,   26.43) mm  rot=Zero layer=Top
  R1  (  33.06,    6.38) mm  rot=Zero layer=Top
  C6  (  14.27,   37.76) mm  rot=Zero layer=Top
  R2  (  69.66,   29.12) mm  rot=Zero layer=Top
  R3  (  69.60,   41.27) mm  rot=Zero layer=Top
  R7  (  71.50,   63.59) mm  rot=Zero layer=Top
  R8  (  76.45,   54.81) mm  rot=Zero layer=Top
