---
source: crates/synth-place/tests/snapshots.rs
expression: snapshot
---
board_outline_mm: 81.05 x 63.36

  U1  (  40.43,   34.44) mm  rot=Zero layer=Top
  U2  (  41.00,   43.01) mm  rot=Zero layer=Top
  U3  (  49.80,   23.81) mm  rot=Zero layer=Top
  U4  (  18.43,   23.44) mm  rot=Zero layer=Top
  J1  (  18.62,    4.71) mm  rot=Zero layer=Top
  J2  (   2.60,   22.76) mm  rot=Ninety layer=Top
ANT1  (  69.80,   20.81) mm  rot=Zero layer=Top
  Y1  (  39.80,   25.81) mm  rot=Zero layer=Top
  C8  (  49.80,   15.81) mm  rot=Zero layer=Top
  R1  (   6.87,   12.47) mm  rot=Zero layer=Top
  R2  (  30.37,   11.97) mm  rot=Zero layer=Top
  R3  (  31.23,   47.58) mm  rot=Zero layer=Top
  R4  (  30.23,   38.14) mm  rot=Zero layer=Top
  R5  (  50.73,   37.88) mm  rot=Zero layer=Top
  R6  (  41.80,   15.81) mm  rot=Zero layer=Top
  C1  (  29.99,   31.84) mm  rot=Zero layer=Top
  C2  (  27.11,   25.84) mm  rot=Zero layer=Top
  C3  (  22.35,   38.34) mm  rot=Zero layer=Top
  C4  (  22.53,   31.96) mm  rot=Zero layer=Top
  C5  (  51.03,   47.88) mm  rot=Zero layer=Top
  C6  (  45.64,   53.88) mm  rot=Zero layer=Top
  C7  (  30.98,   53.60) mm  rot=Zero layer=Top
 C11  (  39.80,    9.81) mm  rot=Zero layer=Top
  C9  (  23.05,   52.06) mm  rot=Zero layer=Top
 C10  (  58.55,   52.56) mm  rot=Zero layer=Top
