---
source: crates/synth-place/tests/snapshots.rs
expression: snapshot
---
board_outline_mm: 81.05 x 62.24

  U1  (  40.43,   33.32) mm  rot=Zero layer=Top
  U2  (  41.00,   41.89) mm  rot=Zero layer=Top
  U3  (  49.80,   22.69) mm  rot=Zero layer=Top
  U4  (  18.43,   22.32) mm  rot=Zero layer=Top
  J1  (  18.62,    4.90) mm  rot=OneEighty layer=Top
  J2  (   2.60,   21.64) mm  rot=Ninety layer=Top
ANT1  (  69.80,   19.69) mm  rot=Zero layer=Top
  Y1  (  39.80,   24.69) mm  rot=Zero layer=Top
  C8  (  49.80,   14.69) mm  rot=Zero layer=Top
  R1  (  19.87,   14.95) mm  rot=Zero layer=Top
  R2  (   6.87,    8.95) mm  rot=Zero layer=Top
  R3  (  31.23,   46.46) mm  rot=Zero layer=Top
  R4  (  30.23,   37.02) mm  rot=Zero layer=Top
  R5  (  50.73,   36.76) mm  rot=Zero layer=Top
  R6  (  41.80,   14.69) mm  rot=Zero layer=Top
  C1  (  29.99,   30.72) mm  rot=Zero layer=Top
  C2  (  27.11,   24.72) mm  rot=Zero layer=Top
  C3  (  22.35,   37.22) mm  rot=Zero layer=Top
  C4  (  22.53,   30.84) mm  rot=Zero layer=Top
  C5  (  51.03,   46.76) mm  rot=Zero layer=Top
  C6  (  45.64,   52.76) mm  rot=Zero layer=Top
  C7  (  30.98,   52.48) mm  rot=Zero layer=Top
 C11  (  31.80,   16.69) mm  rot=Zero layer=Top
  C9  (  23.05,   50.94) mm  rot=Zero layer=Top
 C10  (  58.55,   51.44) mm  rot=Zero layer=Top
