---
source: crates/synth-place/tests/snapshots.rs
expression: snapshot
---
board_outline_mm: 115.04 x 94.84

  U1  (  57.85,   47.29) mm  rot=Zero layer=Top
  U2  (  31.15,   32.79) mm  rot=Zero layer=Top
  U3  (  85.45,   32.89) mm  rot=Zero layer=Top
  U4  (  85.45,   44.89) mm  rot=Zero layer=Top
  U5  (  90.45,   69.89) mm  rot=Zero layer=Top
  U6  (  85.16,   56.73) mm  rot=Zero layer=Top
  U7  (  83.16,   68.73) mm  rot=Zero layer=Top
  U8  (  85.25,   81.99) mm  rot=Zero layer=Top
  U9  (  84.95,   89.14) mm  rot=Zero layer=Top
  J1  (  31.07,    8.90) mm  rot=OneEighty layer=Top
  J2  (  11.05,   32.64) mm  rot=Ninety layer=Top
  J3  (  10.05,   46.64) mm  rot=Ninety layer=Top
  J4  (   6.52,   57.77) mm  rot=Zero layer=Top
  J5  ( 108.52,   47.77) mm  rot=Zero layer=Top
  Y1  (  31.25,   19.69) mm  rot=Zero layer=Top
 SW1  (  58.83,   59.54) mm  rot=Zero layer=Top
 SW2  (  43.95,   51.05) mm  rot=Zero layer=Top
  C1  (  47.10,   41.36) mm  rot=Zero layer=Top
  C2  (  61.10,   37.36) mm  rot=Zero layer=Top
  C3  (  68.40,   48.84) mm  rot=Zero layer=Top
  D1  (  44.14,   34.86) mm  rot=Zero layer=Top
  D2  (  69.14,   33.81) mm  rot=Zero layer=Top
  D3  (  45.81,   59.87) mm  rot=Zero layer=Top
  D4  (  70.33,   61.39) mm  rot=Zero layer=Top
  D5  (  40.90,   65.94) mm  rot=Zero layer=Top
  D6  (  75.25,   67.62) mm  rot=Zero layer=Top
  D7  (  57.97,   68.31) mm  rot=Zero layer=Top
  R1  (  57.09,   31.14) mm  rot=Zero layer=Top
  R2  (  34.01,   72.00) mm  rot=Zero layer=Top
  R3  (  76.53,   54.27) mm  rot=Zero layer=Top
  R4  (  69.18,   42.21) mm  rot=Zero layer=Top
  R5  (  61.62,   24.94) mm  rot=Zero layer=Top
  R6  (  80.01,   24.88) mm  rot=Zero layer=Top
  R7  (  65.81,   68.43) mm  rot=Zero layer=Top
  R8  (  93.00,   57.17) mm  rot=Zero layer=Top
  R9  (  33.68,   59.93) mm  rot=Zero layer=Top
 R10  (  32.91,   51.32) mm  rot=Zero layer=Top
 R11  (  35.75,   41.88) mm  rot=Zero layer=Top
 R12  (  57.20,   74.52) mm  rot=Zero layer=Top
 R13  (  30.73,   78.30) mm  rot=Zero layer=Top
 R14  (  79.40,   75.65) mm  rot=Zero layer=Top
 R15  (  47.22,   28.28) mm  rot=Zero layer=Top
 R16  (  57.15,   80.87) mm  rot=Zero layer=Top
 R17  (  87.67,   23.71) mm  rot=Zero layer=Top
 R18  (  27.09,   84.31) mm  rot=Zero layer=Top
  C4  (  25.23,   54.20) mm  rot=Zero layer=Top
  C5  (  56.36,   87.20) mm  rot=Zero layer=Top
  C6  (  22.38,   21.09) mm  rot=Zero layer=Top
  C7  (  55.51,   18.69) mm  rot=Zero layer=Top
  C8  (  91.53,   17.28) mm  rot=Zero layer=Top
  C9  (  92.45,   88.38) mm  rot=Zero layer=Top
 C10  (  19.41,   14.65) mm  rot=Zero layer=Top
 C11  (  95.60,   50.06) mm  rot=Zero layer=Top
 C12  (  57.39,   12.29) mm  rot=Zero layer=Top
 C13  (  97.85,   10.93) mm  rot=Zero layer=Top
 C14  (  93.09,   80.69) mm  rot=Zero layer=Top
 C15  ( 100.10,   87.71) mm  rot=Zero layer=Top
 C16  (  16.48,    8.41) mm  rot=Zero layer=Top
 C17  (  59.09,    6.01) mm  rot=Zero layer=Top
 C18  ( 105.56,    5.60) mm  rot=Zero layer=Top
 C19  (  63.30,   18.86) mm  rot=Zero layer=Top
 C20  (  25.30,   47.05) mm  rot=Zero layer=Top
