---
source: crates/synth-place/tests/snapshots.rs
expression: snapshot
---
board_outline_mm: 115.04 x 95.40

  U1  (  57.85,   47.85) mm  rot=Zero layer=Top
  U2  (  31.15,   33.35) mm  rot=Zero layer=Top
  U3  (  85.45,   33.45) mm  rot=Zero layer=Top
  U4  (  85.45,   45.45) mm  rot=Zero layer=Top
  U5  (  90.45,   70.45) mm  rot=Zero layer=Top
  U6  (  85.16,   57.29) mm  rot=Zero layer=Top
  U7  (  83.16,   69.29) mm  rot=Zero layer=Top
  U8  (  85.25,   82.55) mm  rot=Zero layer=Top
  U9  (  84.95,   89.70) mm  rot=Zero layer=Top
  J1  (  31.07,    9.46) mm  rot=OneEighty layer=Top
  J2  (  11.05,   33.20) mm  rot=Ninety layer=Top
  J3  (  10.05,   45.20) mm  rot=Ninety layer=Top
  J4  (   6.52,   58.33) mm  rot=Zero layer=Top
  J5  ( 108.52,   48.33) mm  rot=Zero layer=Top
  Y1  (  31.25,   18.25) mm  rot=Zero layer=Top
 SW1  (  59.05,   60.30) mm  rot=Zero layer=Top
 SW2  (  30.96,   54.40) mm  rot=Zero layer=Top
  C1  (  19.87,   24.10) mm  rot=Zero layer=Top
  C2  (  12.76,   17.22) mm  rot=Zero layer=Top
  C3  (  47.22,   47.50) mm  rot=Zero layer=Top
  D1  (  45.28,   28.67) mm  rot=Zero layer=Top
  D2  (  44.73,   35.17) mm  rot=Zero layer=Top
  D3  (  58.00,   38.50) mm  rot=Zero layer=Top
  D4  (  67.50,   38.50) mm  rot=Zero layer=Top
  D5  (  68.00,   48.00) mm  rot=Zero layer=Top
  D6  (  48.00,   58.00) mm  rot=Zero layer=Top
  D7  (  70.50,   60.50) mm  rot=Zero layer=Top
  R1  (  39.82,   20.45) mm  rot=Zero layer=Top
  R2  (  42.82,   12.95) mm  rot=Zero layer=Top
  R3  (  70.40,   54.16) mm  rot=Zero layer=Top
  R4  (  67.42,   69.13) mm  rot=Zero layer=Top
  R5  (  47.56,   64.17) mm  rot=Zero layer=Top
  R6  (  29.30,   45.65) mm  rot=Zero layer=Top
  R7  (  58.79,   32.50) mm  rot=Zero layer=Top
  R8  (  68.29,   32.50) mm  rot=Zero layer=Top
  R9  (  37.24,   45.28) mm  rot=Zero layer=Top
 R10  (  33.03,   63.42) mm  rot=Zero layer=Top
 R11  (   8.69,   10.77) mm  rot=Zero layer=Top
 R12  (  75.50,   48.00) mm  rot=Zero layer=Top
 R13  (  58.00,   69.00) mm  rot=Zero layer=Top
 R14  (  58.00,   26.50) mm  rot=Zero layer=Top
 R15  (  36.50,   69.50) mm  rot=Zero layer=Top
 R16  (  80.50,   25.50) mm  rot=Zero layer=Top
 R17  (  58.00,   75.00) mm  rot=Zero layer=Top
 R18  (  58.00,   20.50) mm  rot=Zero layer=Top
  C4  (  30.50,   75.50) mm  rot=Zero layer=Top
  C5  (  86.50,   19.50) mm  rot=Zero layer=Top
  C6  (  58.00,   81.00) mm  rot=Zero layer=Top
  C7  (  58.00,   14.50) mm  rot=Zero layer=Top
  C8  (  24.50,   81.50) mm  rot=Zero layer=Top
  C9  (  92.50,   13.50) mm  rot=Zero layer=Top
 C10  (  71.12,   75.34) mm  rot=Zero layer=Top
 C11  (  75.15,   66.76) mm  rot=Zero layer=Top
 C12  (  93.00,   83.00) mm  rot=Zero layer=Top
 C13  (  19.43,   11.00) mm  rot=Zero layer=Top
 C14  (  55.72,    8.29) mm  rot=Zero layer=Top
 C15  (  94.72,    7.07) mm  rot=Zero layer=Top
 C16  (  95.50,   48.00) mm  rot=Zero layer=Top
 C17  (  58.00,   87.00) mm  rot=Zero layer=Top
 C18  (  21.51,   45.56) mm  rot=Zero layer=Top
 C19  (  16.98,   85.06) mm  rot=Zero layer=Top
 C20  (  97.88,   89.16) mm  rot=Zero layer=Top
